../Core/Src/main.c:305:8:PWM_Change_Tones	48	static
../Core/Src/main.c:234:5:main	216	static
../Core/Src/main.c:330:8:On_First7segment	16	static
../Core/Src/main.c:333:12:On_Second7segment	16	static
../Core/Src/main.c:342:12:Off_First7segment	16	static
../Core/Src/main.c:352:12:Off_Second7segment	16	static
../Core/Src/main.c:361:12:Off_Third7segment	16	static
../Core/Src/main.c:372:12:Off_Forth7segment	16	static
../Core/Src/main.c:383:11:Number	16	static
../Core/Src/main.c:553:6:randomapple	48	static
../Core/Src/main.c:574:6:randommys	48	static
../Core/Src/main.c:597:6:randomhealth	48	static
../Core/Src/main.c:618:6:moveSnake	72	static
../Core/Src/main.c:859:6:moveSnake2	64	static
../Core/Src/main.c:1056:6:moveSnake3	64	static
../Core/Src/main.c:1253:6:initialize	80	static
../Core/Src/main.c:1853:6:SystemClock_Config	128	static
../Core/Src/main.c:1907:13:MX_I2C1_Init	8	static
../Core/Src/main.c:1955:13:MX_RTC_Init	32	static
../Core/Src/main.c:2018:13:MX_SPI1_Init	8	static
../Core/Src/main.c:2058:13:MX_TIM2_Init	64	static
../Core/Src/main.c:2117:13:MX_USART3_UART_Init	8	static
../Core/Src/main.c:2152:13:MX_USB_PCD_Init	8	static
../Core/Src/main.c:2183:13:MX_GPIO_Init	56	static
../Core/Src/main.c:2283:6:Error_Handler	4	static,ignoring_inline_asm
