../Core/Src/stm32f3xx_it.c:56:7:On_First7segment	8	static
../Core/Src/stm32f3xx_it.c:59:12:On_Second7segment	8	static
../Core/Src/stm32f3xx_it.c:61:12:On_Third7segment	8	static
../Core/Src/stm32f3xx_it.c:65:12:On_Forth7segment	8	static
../Core/Src/stm32f3xx_it.c:68:12:Off_First7segment	8	static
../Core/Src/stm32f3xx_it.c:78:12:Off_Second7segment	8	static
../Core/Src/stm32f3xx_it.c:87:12:Off_Third7segment	8	static
../Core/Src/stm32f3xx_it.c:98:12:Off_Forth7segment	8	static
../Core/Src/stm32f3xx_it.c:109:11:Number	16	static
../Core/Src/stm32f3xx_it.c:222:6:PWM_starts	8	static
../Core/Src/stm32f3xx_it.c:227:6:PWM_Change_Tones	40	static
../Core/Src/stm32f3xx_it.c:466:6:Change_Melody	16	static
../Core/Src/stm32f3xx_it.c:476:6:Update_Melody	16	static
../Core/Src/stm32f3xx_it.c:520:6:NMI_Handler	4	static
../Core/Src/stm32f3xx_it.c:535:6:HardFault_Handler	4	static
../Core/Src/stm32f3xx_it.c:550:6:MemManage_Handler	4	static
../Core/Src/stm32f3xx_it.c:565:6:BusFault_Handler	4	static
../Core/Src/stm32f3xx_it.c:580:6:UsageFault_Handler	4	static
../Core/Src/stm32f3xx_it.c:595:6:SVC_Handler	4	static
../Core/Src/stm32f3xx_it.c:608:6:DebugMon_Handler	4	static
../Core/Src/stm32f3xx_it.c:621:6:PendSV_Handler	4	static
../Core/Src/stm32f3xx_it.c:634:6:SysTick_Handler	40	static
../Core/Src/stm32f3xx_it.c:750:6:EXTI0_IRQHandler	16	static
../Core/Src/stm32f3xx_it.c:876:6:EXTI1_IRQHandler	16	static
../Core/Src/stm32f3xx_it.c:1017:6:EXTI2_TSC_IRQHandler	16	static
